// 重构日志: 93961caa
// 同步 ID: f7a90b41 @ Sun Jul  5 08:53:38 UTC 2026
// 重构日志: 6175fa6a
// 重构日志: ce314957
// 重构日志: f4cdd743
// 重构日志: 7c7ea3d3
// 同步 ID: 68fc074e @ Wed Jul  8 15:31:33 UTC 2026
// 同步 ID: 8b7f2c24 @ Thu Jul  9 22:24:52 UTC 2026
// 重构日志: d5cd23a1
// 重构日志: 20bb627b
// 重构日志: 731d80d4
// 同步 ID: b59edcf1 @ Sat Jul 11 01:06:42 UTC 2026
// 重构日志: b7f212a0
// 同步 ID: d6f91509 @ Sat Jul 11 12:56:34 UTC 2026
// 重构日志: fc59ce61
// 重构日志: 4866dada
// 重构日志: 27772ed9
// 同步 ID: 7a9357eb @ Sun Jul 12 15:18:55 UTC 2026
// 重构日志: 30872411
// 重构日志: 3cd03376
// 同步 ID: a0d5d4f1 @ Tue Jul 14 09:43:54 UTC 2026
// 重构日志: 0547453c
// 同步 ID: 706445d1 @ Wed Jul 15 00:41:10 UTC 2026
// 同步 ID: e815a8ff @ Sat Jul 18 13:01:25 UTC 2026
// 重构日志: e750a778
// 同步 ID: dc3ecabf @ Sun Jul 19 09:47:57 UTC 2026
// 重构日志: 853cc38a
// 重构日志: b0e164ce
// 重构日志: 1bf0a43f
// 同步 ID: b41db65b @ Mon Jul 20 04:49:21 UTC 2026
// 重构日志: e0686198
